26-09-12 08:11:29,686.516 INFO  WaComMINFO - WaComM - C++ Version
26-09-12 08:11:29,686.642 INFO  WaComMINFO - Parallel: Distributed Memory
26-09-12 08:11:29,686.654 INFO  WaComMINFO - Parallel: Shared Memory
26-09-12 08:11:29,686.662 INFO  WaComMINFO - Acceleration: None
26-09-12 08:11:29,686.674 INFO  WaComMINFO - 0: Using 1/1 processes, each on 16 threads.
26-09-12 08:11:29,686.682 INFO  WaComMINFO - Configuration: wacomm-sarno-lite-6h.json
26-09-12 08:11:29,709.886 INFO  WaComMINFO - 0: Input from Ocean Model: processed-6h/ocm3_d03_20210701Z09.nc
26-09-12 08:11:31,574.115 INFO  WaComMINFO - Reading from json:examples/sources-sarno_river.json
26-09-12 08:11:31,808.573 INFO  WaComMINFO - ocean_time:2
26-09-12 08:11:31,808.584 INFO  WaComMINFO - s_rho:30
26-09-12 08:11:31,808.589 INFO  WaComMINFO - eta_rho:1135 xi_rho:1528
26-09-12 08:11:31,823.444 INFO  WaComMINFO - Simulating:1.67593e+09 - 20210701Z09
26-09-12 08:11:31,823.470 INFO  WaComMINFO - Sources:1
26-09-12 08:11:31,824.575 INFO  WaComMINFO - Emitted particles: 10000 Total particles: 10000
26-09-12 08:11:31,826.111 INFO  WaComMINFO - 0: Local particles:10000
26-09-12 08:11:31,880.642 INFO  WaComMINFO - Locally processed 10000 in 0.0543624 seconds (183951 particles/second).
26-09-12 08:11:31,880.797 INFO  WaComMINFO - Removed particles: 74 Particles: 9926
26-09-12 08:11:31,880.806 INFO  WaComMINFO - Evaluate concentration
26-09-12 08:11:31,890.454 INFO  WaComMINFO - EVALUATE sec: 0.00963206
26-09-12 08:11:31,890.469 INFO  WaComMINFO - Processed 10000 in 0.0670441 seconds (149156 particles/second).
26-09-12 08:11:31,890.477 INFO  WaComMINFO - Solver interval: start=1675933200 end=1675936800 seconds=0.067044096999999997
26-09-12 08:11:31,890.588 INFO  WaComMINFO - Saving restart:snapshots-6h/WACOMM_rst_20210701Z10
26-09-12 08:11:31,890.605 INFO  WaComMINFO - Preparing NetCDF...
26-09-12 08:11:31,891.728 INFO  WaComMINFO - Saving NetCDF in: snapshots-6h/WACOMM_rst_20210701Z10.nc
26-09-12 08:11:31,959.015 INFO  WaComMINFO - Saving history:output-6h/wacomm_his_20210701Z09.nc
26-09-12 08:11:31,959.028 INFO  WaComMINFO - Saving in: output-6h/wacomm_his_20210701Z09.nc
26-09-12 08:11:31,959.720 INFO  WaComMINFO - --------------: output-6h/wacomm_his_20210701Z09.nc
26-09-12 08:11:32,568.861 INFO  WaComMINFO - 0: Input from Ocean Model: processed-6h/ocm3_d03_20210701Z10.nc
26-09-12 08:11:33,818.827 INFO  WaComMINFO - ocean_time:2
26-09-12 08:11:33,818.863 INFO  WaComMINFO - s_rho:30
26-09-12 08:11:33,818.867 INFO  WaComMINFO - eta_rho:1135 xi_rho:1528
26-09-12 08:11:33,833.684 INFO  WaComMINFO - Simulating:1.67594e+09 - 20210701Z10
26-09-12 08:11:33,833.714 INFO  WaComMINFO - Sources:1
26-09-12 08:11:33,835.214 INFO  WaComMINFO - Emitted particles: 10000 Total particles: 19926
26-09-12 08:11:33,838.835 INFO  WaComMINFO - 0: Local particles:19926
26-09-12 08:11:33,946.808 INFO  WaComMINFO - Locally processed 19926 in 0.107677 seconds (185054 particles/second).
26-09-12 08:11:33,947.145 INFO  WaComMINFO - Removed particles: 923 Particles: 19003
26-09-12 08:11:33,947.153 INFO  WaComMINFO - Evaluate concentration
26-09-12 08:11:33,957.209 INFO  WaComMINFO - EVALUATE sec: 0.0100353
26-09-12 08:11:33,957.231 INFO  WaComMINFO - Processed 19926 in 0.123569 seconds (161255 particles/second).
26-09-12 08:11:33,957.240 INFO  WaComMINFO - Solver interval: start=1675936800 end=1675940400 seconds=0.12356851000000001
26-09-12 08:11:33,957.280 INFO  WaComMINFO - Saving restart:snapshots-6h/WACOMM_rst_20210701Z11
26-09-12 08:11:33,957.303 INFO  WaComMINFO - Preparing NetCDF...
26-09-12 08:11:33,959.406 INFO  WaComMINFO - Saving NetCDF in: snapshots-6h/WACOMM_rst_20210701Z11.nc
26-09-12 08:11:33,969.389 INFO  WaComMINFO - Saving history:output-6h/wacomm_his_20210701Z10.nc
26-09-12 08:11:33,969.402 INFO  WaComMINFO - Saving in: output-6h/wacomm_his_20210701Z10.nc
26-09-12 08:11:33,970.141 INFO  WaComMINFO - --------------: output-6h/wacomm_his_20210701Z10.nc
26-09-12 08:11:34,513.343 INFO  WaComMINFO - 0: Input from Ocean Model: processed-6h/ocm3_d03_20210701Z11.nc
26-09-12 08:11:35,727.623 INFO  WaComMINFO - ocean_time:2
26-09-12 08:11:35,727.648 INFO  WaComMINFO - s_rho:30
26-09-12 08:11:35,727.651 INFO  WaComMINFO - eta_rho:1135 xi_rho:1528
26-09-12 08:11:35,742.316 INFO  WaComMINFO - Simulating:1.67594e+09 - 20210701Z11
26-09-12 08:11:35,742.340 INFO  WaComMINFO - Sources:1
26-09-12 08:11:35,742.842 INFO  WaComMINFO - Emitted particles: 10000 Total particles: 29003
26-09-12 08:11:35,747.542 INFO  WaComMINFO - 0: Local particles:29003
26-09-12 08:11:36,054.871 INFO  WaComMINFO - Locally processed 29003 in 0.306857 seconds (94516.3 particles/second).
26-09-12 08:11:36,055.523 INFO  WaComMINFO - Removed particles: 4442 Particles: 24561
26-09-12 08:11:36,055.550 INFO  WaComMINFO - Evaluate concentration
26-09-12 08:11:36,065.997 INFO  WaComMINFO - EVALUATE sec: 0.0104256
26-09-12 08:11:36,066.038 INFO  WaComMINFO - Processed 29003 in 0.323737 seconds (89588.2 particles/second).
26-09-12 08:11:36,066.055 INFO  WaComMINFO - Solver interval: start=1675940400 end=1675947600 seconds=0.32373691900000001
26-09-12 08:11:36,066.116 INFO  WaComMINFO - Saving restart:snapshots-6h/WACOMM_rst_20210701Z13
26-09-12 08:11:36,066.133 INFO  WaComMINFO - Preparing NetCDF...
26-09-12 08:11:36,068.716 INFO  WaComMINFO - Saving NetCDF in: snapshots-6h/WACOMM_rst_20210701Z13.nc
26-09-12 08:11:36,079.331 INFO  WaComMINFO - Saving history:output-6h/wacomm_his_20210701Z11.nc
26-09-12 08:11:36,079.345 INFO  WaComMINFO - Saving in: output-6h/wacomm_his_20210701Z11.nc
26-09-12 08:11:36,079.914 INFO  WaComMINFO - --------------: output-6h/wacomm_his_20210701Z11.nc
26-09-12 08:11:36,686.707 INFO  WaComMINFO - 0: Input from Ocean Model: processed-6h/ocm3_d03_20210701Z13.nc
26-09-12 08:11:37,897.885 INFO  WaComMINFO - ocean_time:2
26-09-12 08:11:37,897.925 INFO  WaComMINFO - s_rho:30
26-09-12 08:11:37,897.929 INFO  WaComMINFO - eta_rho:1135 xi_rho:1528
26-09-12 08:11:37,912.687 INFO  WaComMINFO - Simulating:1.67595e+09 - 20210701Z13
26-09-12 08:11:37,912.716 INFO  WaComMINFO - Sources:1
26-09-12 08:11:37,914.473 INFO  WaComMINFO - Emitted particles: 10000 Total particles: 34561
26-09-12 08:11:37,919.858 INFO  WaComMINFO - 0: Local particles:34561
26-09-12 08:11:38,106.831 INFO  WaComMINFO - Locally processed 34561 in 0.186379 seconds (185434 particles/second).
26-09-12 08:11:38,107.520 INFO  WaComMINFO - Removed particles: 2168 Particles: 32393
26-09-12 08:11:38,107.534 INFO  WaComMINFO - Evaluate concentration
26-09-12 08:11:38,119.036 INFO  WaComMINFO - EVALUATE sec: 0.011487
26-09-12 08:11:38,119.061 INFO  WaComMINFO - Processed 34561 in 0.206399 seconds (167448 particles/second).
26-09-12 08:11:38,119.071 INFO  WaComMINFO - Solver interval: start=1675947600 end=1675951200 seconds=0.20639887100000001
26-09-12 08:11:38,119.137 INFO  WaComMINFO - Saving restart:snapshots-6h/WACOMM_rst_20210701Z14
26-09-12 08:11:38,119.153 INFO  WaComMINFO - Preparing NetCDF...
26-09-12 08:11:38,122.855 INFO  WaComMINFO - Saving NetCDF in: snapshots-6h/WACOMM_rst_20210701Z14.nc
26-09-12 08:11:38,134.247 INFO  WaComMINFO - Saving history:output-6h/wacomm_his_20210701Z13.nc
26-09-12 08:11:38,134.259 INFO  WaComMINFO - Saving in: output-6h/wacomm_his_20210701Z13.nc
26-09-12 08:11:38,134.906 INFO  WaComMINFO - --------------: output-6h/wacomm_his_20210701Z13.nc
26-09-12 08:11:38,723.706 INFO  WaComMINFO - 0: Input from Ocean Model: processed-6h/ocm3_d03_20210701Z14.nc
26-09-12 08:11:39,670.562 INFO  WaComMINFO - ocean_time:2
26-09-12 08:11:39,670.587 INFO  WaComMINFO - s_rho:30
26-09-12 08:11:39,670.591 INFO  WaComMINFO - eta_rho:1135 xi_rho:1528
26-09-12 08:11:39,686.146 INFO  WaComMINFO - Simulating:1.67595e+09 - 20210701Z14
26-09-12 08:11:39,686.170 INFO  WaComMINFO - Sources:1
26-09-12 08:11:39,686.514 INFO  WaComMINFO - Emitted particles: 10000 Total particles: 42393
26-09-12 08:11:39,689.538 INFO  WaComMINFO - 0: Local particles:42393
26-09-12 08:11:39,919.864 INFO  WaComMINFO - Locally processed 42393 in 0.229708 seconds (184552 particles/second).
26-09-12 08:11:39,920.758 INFO  WaComMINFO - Removed particles: 2284 Particles: 40109
26-09-12 08:11:39,920.768 INFO  WaComMINFO - Evaluate concentration
26-09-12 08:11:39,932.053 INFO  WaComMINFO - EVALUATE sec: 0.0112743
26-09-12 08:11:39,932.068 INFO  WaComMINFO - Processed 42393 in 0.24594 seconds (172372 particles/second).
26-09-12 08:11:39,932.076 INFO  WaComMINFO - Solver interval: start=1675951200 end=1675954800 seconds=0.24593954600000001
26-09-12 08:11:39,932.147 INFO  WaComMINFO - Saving restart:snapshots-6h/WACOMM_rst_20210701Z15
26-09-12 08:11:39,932.156 INFO  WaComMINFO - Preparing NetCDF...
26-09-12 08:11:39,936.309 INFO  WaComMINFO - Saving NetCDF in: snapshots-6h/WACOMM_rst_20210701Z15.nc
26-09-12 08:11:40,613.855 INFO  WaComMINFO - Saving history:output-6h/wacomm_his_20210701Z14.nc
26-09-12 08:11:40,613.881 INFO  WaComMINFO - Saving in: output-6h/wacomm_his_20210701Z14.nc
26-09-12 08:11:40,647.998 INFO  WaComMINFO - --------------: output-6h/wacomm_his_20210701Z14.nc
26-09-12 08:11:41,255.745 INFO  WaComMINFO - 0: Input from Ocean Model: processed-6h/ocm3_d03_20210701Z15.nc
26-09-12 08:11:41,255.777 WARN  WaComMWARN - The forcing window does not contain a physical time interval; skipping it
